

************************************************************************************
* NEW SESSION **********************************************************************
************************************************************************************

05/12/2026 12:31:20
***mLastImpactMagnitude:0.0
***mAccumulatedImpactMagnitude:0.0
***mMaxImpactMagnitude:0.0
***mLastImpactET:0
***mOverheating:0
***mDetached:0
***Front Wheels:Left Flat:0    Left Detached:0        Right Flat:0    Right Detached:0
***Rear Wheels:Left Flat:0    Left Detached:0        Right Flat:0    Right Detached:0


************************************************************************************
* NEW SESSION **********************************************************************
************************************************************************************

05/12/2026 13:34:08
***mLastImpactMagnitude:2,817.7
***mAccumulatedImpactMagnitude:2,817.7
***mMaxImpactMagnitude:2,817.7
***mLastImpactPos:x=-1.0297 y=-0.2442 z=-1.9748
***mLastImpactET:1717

05/12/2026 13:34:08
***mDentSeverity:0,0,0,0,0,0,0,1

05/12/2026 13:34:08
***mLastImpactMagnitude:2,050.4
***mLastImpactPos:x=-0.9839 y=-0.1620 z=1.9859
***mLastImpactET:1717.26000976563

05/12/2026 13:34:08
***mAccumulatedImpactMagnitude:4,868.0

05/12/2026 13:34:18
***mAccumulatedImpactMagnitude:0.0
***mMaxImpactMagnitude:0.0

05/12/2026 13:34:18
***mDentSeverity:0,0,0,0,0,0,0,0
***mLastImpactMagnitude:0.0
***mLastImpactPos:x=0.0000 y=0.0000 z=0.0000
***mLastImpactET:0
