

************************************************************************************
* NEW SESSION **********************************************************************
************************************************************************************

05/12/2026 12:31:20
***mGamePhase:GreenFlag(5)
***mSession:Practice(1)
***mYellowFlagState:NoFlag(0)
***mSector:1
***mCurrentSector:0x80000000
***mInRealtimeFC:false(0)
***mInRealtimeSU:false(0)
***mSectorFlag[0]:Unknown(11)
***mSectorFlag[1]:Unknown(11)
***mSectorFlag[2]:Unknown(11)
***mControl:AI(1)
***mInPits:true(1)
***mIsPlayer:true(1)
***mPlace:1
***mPitState:Unknown(5)
***mIndividualPhase:GreenFlag(5)
***mFlag:Green(0)
***mUnderYellow:0
***mCountLapFlag:CountLapButNotTime(1)
***mInGarageStall:true(1)
***mFinishStatus:None(0)
***mLapNumber:0
***mTotalLaps:0
***mMaxLaps:2147483647

***mNumVehicles:1
mScheduledStops:true(255)
***mHeadlights:false(0)
***mSpeedLimiter:false(0)
***mFrontTireCompoundIndex:false(0)
***mRearTireCompoundIndex:false(0)
***mFrontTireCompoundName:Medium
***mRearTireCompoundName:Medium
***mFrontFlapActivated:false(0)
***mRearFlapActivated:false(0)
***mRearFlapLegalStatus:Disallowed(0)
***mIgnitionStarter:Off(0)
***mSpeedLimiterAvailable:true(1)
***mAntiStallActivated:false(0)
***mStartLight:0
***mNumRedLights:5
***mNumPitstops:0
***mNumPenalties:0
***mLapsBehindNext:0
***mLapsBehindLeader:0
***mPlayerHeadlights:false(0)
***mServerScored:true(1)
***mQualification:1


05/12/2026 12:31:36
mGamePhase:GreenFlag(5)
mSession:Practice(1)
mYellowFlagState:NoFlag(0)
mSector:1
mCurrentSector:0x80000000
***mInRealtimeFC:true(1)
mInRealtimeSU:false(0)
mSectorFlag[0]:Unknown(11)
mSectorFlag[1]:Unknown(11)
mSectorFlag[2]:Unknown(11)
mControl:AI(1)
mInPits:true(1)
mIsPlayer:true(1)
mPlace:1
mPitState:Unknown(5)
mIndividualPhase:GreenFlag(5)
mFlag:Green(0)
mUnderYellow:0
mCountLapFlag:CountLapButNotTime(1)
mInGarageStall:true(1)
mFinishStatus:None(0)
mLapNumber:0
mTotalLaps:0
mMaxLaps:2147483647

mNumVehicles:1
mScheduledStops:true(255)
mHeadlights:false(0)
mSpeedLimiter:false(0)
mFrontTireCompoundIndex:false(0)
mRearTireCompoundIndex:false(0)
mFrontTireCompoundName:Medium
mRearTireCompoundName:Medium
mFrontFlapActivated:false(0)
mRearFlapActivated:false(0)
mRearFlapLegalStatus:Disallowed(0)
mIgnitionStarter:Off(0)
mSpeedLimiterAvailable:true(1)
mAntiStallActivated:false(0)
mStartLight:0
mNumRedLights:5
mNumPitstops:0
mNumPenalties:0
mLapsBehindNext:0
mLapsBehindLeader:0
mPlayerHeadlights:false(0)
mServerScored:true(1)
mQualification:1


05/12/2026 12:31:36
mGamePhase:GreenFlag(5)
mSession:Practice(1)
mYellowFlagState:NoFlag(0)
mSector:1
mCurrentSector:0x80000000
mInRealtimeFC:true(1)
mInRealtimeSU:false(0)
mSectorFlag[0]:Unknown(11)
mSectorFlag[1]:Unknown(11)
mSectorFlag[2]:Unknown(11)
mControl:AI(1)
mInPits:true(1)
mIsPlayer:true(1)
mPlace:1
mPitState:Unknown(5)
mIndividualPhase:GreenFlag(5)
mFlag:Green(0)
mUnderYellow:0
mCountLapFlag:CountLapButNotTime(1)
mInGarageStall:true(1)
mFinishStatus:None(0)
mLapNumber:0
mTotalLaps:0
mMaxLaps:2147483647

mNumVehicles:1
mScheduledStops:true(255)
mHeadlights:false(0)
***mSpeedLimiter:true(1)
mFrontTireCompoundIndex:false(0)
mRearTireCompoundIndex:false(0)
mFrontTireCompoundName:Medium
mRearTireCompoundName:Medium
mFrontFlapActivated:false(0)
mRearFlapActivated:false(0)
mRearFlapLegalStatus:Disallowed(0)
***mIgnitionStarter:Ignition(1)
mSpeedLimiterAvailable:true(1)
mAntiStallActivated:false(0)
mStartLight:0
mNumRedLights:5
mNumPitstops:0
mNumPenalties:0
mLapsBehindNext:0
mLapsBehindLeader:0
mPlayerHeadlights:false(0)
mServerScored:true(1)
mQualification:1


05/12/2026 12:31:36
mGamePhase:GreenFlag(5)
mSession:Practice(1)
mYellowFlagState:NoFlag(0)
mSector:1
mCurrentSector:0x80000000
mInRealtimeFC:true(1)
***mInRealtimeSU:true(1)
mSectorFlag[0]:Unknown(11)
mSectorFlag[1]:Unknown(11)
mSectorFlag[2]:Unknown(11)
***mControl:Player(0)
mInPits:true(1)
mIsPlayer:true(1)
mPlace:1
mPitState:Unknown(5)
mIndividualPhase:GreenFlag(5)
mFlag:Green(0)
mUnderYellow:0
mCountLapFlag:CountLapButNotTime(1)
mInGarageStall:true(1)
mFinishStatus:None(0)
mLapNumber:0
mTotalLaps:0
mMaxLaps:2147483647

mNumVehicles:1
mScheduledStops:true(255)
mHeadlights:false(0)
mSpeedLimiter:true(1)
mFrontTireCompoundIndex:false(0)
mRearTireCompoundIndex:false(0)
mFrontTireCompoundName:Medium
mRearTireCompoundName:Medium
mFrontFlapActivated:false(0)
mRearFlapActivated:false(0)
mRearFlapLegalStatus:Disallowed(0)
mIgnitionStarter:Ignition(1)
mSpeedLimiterAvailable:true(1)
mAntiStallActivated:false(0)
mStartLight:0
mNumRedLights:5
mNumPitstops:0
mNumPenalties:0
mLapsBehindNext:0
mLapsBehindLeader:0
mPlayerHeadlights:false(0)
mServerScored:true(1)
mQualification:1


05/12/2026 12:32:00
mGamePhase:GreenFlag(5)
mSession:Practice(1)
mYellowFlagState:NoFlag(0)
mSector:1
mCurrentSector:0x80000000
mInRealtimeFC:true(1)
mInRealtimeSU:true(1)
mSectorFlag[0]:Unknown(11)
mSectorFlag[1]:Unknown(11)
mSectorFlag[2]:Unknown(11)
mControl:Player(0)
mInPits:true(1)
mIsPlayer:true(1)
mPlace:1
mPitState:Unknown(5)
mIndividualPhase:GreenFlag(5)
mFlag:Green(0)
mUnderYellow:0
mCountLapFlag:CountLapButNotTime(1)
***mInGarageStall:false(0)
mFinishStatus:None(0)
mLapNumber:0
mTotalLaps:0
mMaxLaps:2147483647

mNumVehicles:1
mScheduledStops:true(255)
mHeadlights:false(0)
mSpeedLimiter:true(1)
mFrontTireCompoundIndex:false(0)
mRearTireCompoundIndex:false(0)
mFrontTireCompoundName:Medium
mRearTireCompoundName:Medium
mFrontFlapActivated:false(0)
mRearFlapActivated:false(0)
mRearFlapLegalStatus:Disallowed(0)
mIgnitionStarter:Ignition(1)
mSpeedLimiterAvailable:true(1)
mAntiStallActivated:false(0)
mStartLight:0
mNumRedLights:5
mNumPitstops:0
mNumPenalties:0
mLapsBehindNext:0
mLapsBehindLeader:0
mPlayerHeadlights:false(0)
mServerScored:true(1)
mQualification:1


05/12/2026 12:32:43
mGamePhase:GreenFlag(5)
mSession:Practice(1)
mYellowFlagState:NoFlag(0)
mSector:1
mCurrentSector:0x80000000
***mInRealtimeFC:false(0)
mInRealtimeSU:true(1)
mSectorFlag[0]:Unknown(11)
mSectorFlag[1]:Unknown(11)
mSectorFlag[2]:Unknown(11)
mControl:Player(0)
mInPits:true(1)
mIsPlayer:true(1)
mPlace:1
mPitState:Unknown(5)
mIndividualPhase:GreenFlag(5)
mFlag:Green(0)
mUnderYellow:0
mCountLapFlag:CountLapButNotTime(1)
mInGarageStall:false(0)
mFinishStatus:None(0)
mLapNumber:0
mTotalLaps:0
mMaxLaps:2147483647

mNumVehicles:1
mScheduledStops:true(255)
mHeadlights:false(0)
mSpeedLimiter:true(1)
mFrontTireCompoundIndex:false(0)
mRearTireCompoundIndex:false(0)
mFrontTireCompoundName:Medium
mRearTireCompoundName:Medium
mFrontFlapActivated:false(0)
mRearFlapActivated:false(0)
mRearFlapLegalStatus:Disallowed(0)
mIgnitionStarter:Ignition(1)
mSpeedLimiterAvailable:true(1)
mAntiStallActivated:false(0)
mStartLight:0
mNumRedLights:5
mNumPitstops:0
mNumPenalties:0
mLapsBehindNext:0
mLapsBehindLeader:0
mPlayerHeadlights:false(0)
mServerScored:true(1)
mQualification:1


05/12/2026 12:32:44
mGamePhase:GreenFlag(5)
mSession:Practice(1)
mYellowFlagState:NoFlag(0)
mSector:1
mCurrentSector:0x80000000
mInRealtimeFC:false(0)
***mInRealtimeSU:false(0)
mSectorFlag[0]:Unknown(11)
mSectorFlag[1]:Unknown(11)
mSectorFlag[2]:Unknown(11)
***mControl:AI(1)
mInPits:true(1)
mIsPlayer:true(1)
mPlace:1
mPitState:Unknown(5)
mIndividualPhase:GreenFlag(5)
mFlag:Green(0)
mUnderYellow:0
mCountLapFlag:CountLapButNotTime(1)
***mInGarageStall:true(1)
mFinishStatus:None(0)
mLapNumber:0
mTotalLaps:0
mMaxLaps:2147483647

mNumVehicles:1
mScheduledStops:true(255)
mHeadlights:false(0)
***mSpeedLimiter:false(0)
mFrontTireCompoundIndex:false(0)
mRearTireCompoundIndex:false(0)
mFrontTireCompoundName:Medium
mRearTireCompoundName:Medium
mFrontFlapActivated:false(0)
mRearFlapActivated:false(0)
mRearFlapLegalStatus:Disallowed(0)
***mIgnitionStarter:Off(0)
mSpeedLimiterAvailable:true(1)
mAntiStallActivated:false(0)
mStartLight:0
mNumRedLights:5
mNumPitstops:0
mNumPenalties:0
mLapsBehindNext:0
mLapsBehindLeader:0
mPlayerHeadlights:false(0)
mServerScored:true(1)
mQualification:1


05/12/2026 12:35:47
***mGamePhase:Garage(0)
mSession:Practice(1)
mYellowFlagState:NoFlag(0)
mSector:1
mCurrentSector:0x80000000
mInRealtimeFC:false(0)
mInRealtimeSU:false(0)
mSectorFlag[0]:Unknown(11)
mSectorFlag[1]:Unknown(11)
mSectorFlag[2]:Unknown(11)
mControl:AI(1)
mInPits:true(1)
mIsPlayer:true(1)
mPlace:1
mPitState:Unknown(5)
mIndividualPhase:GreenFlag(5)
mFlag:Green(0)
mUnderYellow:0
mCountLapFlag:CountLapButNotTime(1)
mInGarageStall:true(1)
mFinishStatus:None(0)
mLapNumber:0
mTotalLaps:0
mMaxLaps:2147483647

mNumVehicles:1
mScheduledStops:true(255)
mHeadlights:false(0)
mSpeedLimiter:false(0)
mFrontTireCompoundIndex:false(0)
mRearTireCompoundIndex:false(0)
mFrontTireCompoundName:Medium
mRearTireCompoundName:Medium
mFrontFlapActivated:false(0)
mRearFlapActivated:false(0)
mRearFlapLegalStatus:Disallowed(0)
mIgnitionStarter:Off(0)
mSpeedLimiterAvailable:true(1)
mAntiStallActivated:false(0)
mStartLight:0
mNumRedLights:5
mNumPitstops:0
mNumPenalties:0
mLapsBehindNext:0
mLapsBehindLeader:0
mPlayerHeadlights:false(0)
mServerScored:true(1)
mQualification:1



************************************************************************************
* NEW SESSION **********************************************************************
************************************************************************************

05/12/2026 12:35:52
***mGamePhase:GreenFlag(5)
mSession:Practice(1)
mYellowFlagState:NoFlag(0)
mSector:1
mCurrentSector:0x80000000
mInRealtimeFC:false(0)
mInRealtimeSU:false(0)
mSectorFlag[0]:Unknown(11)
mSectorFlag[1]:Unknown(11)
mSectorFlag[2]:Unknown(11)
mControl:AI(1)
mInPits:true(1)
mIsPlayer:true(1)
mPlace:1
mPitState:Unknown(5)
mIndividualPhase:GreenFlag(5)
mFlag:Green(0)
mUnderYellow:0
mCountLapFlag:CountLapButNotTime(1)
mInGarageStall:true(1)
mFinishStatus:None(0)
mLapNumber:0
mTotalLaps:0
mMaxLaps:2147483647

mNumVehicles:1
mScheduledStops:true(255)
mHeadlights:false(0)
mSpeedLimiter:false(0)
mFrontTireCompoundIndex:false(0)
mRearTireCompoundIndex:false(0)
mFrontTireCompoundName:Medium
mRearTireCompoundName:Medium
mFrontFlapActivated:false(0)
mRearFlapActivated:false(0)
mRearFlapLegalStatus:Disallowed(0)
mIgnitionStarter:Off(0)
mSpeedLimiterAvailable:true(1)
mAntiStallActivated:false(0)
mStartLight:0
mNumRedLights:5
mNumPitstops:0
mNumPenalties:0
mLapsBehindNext:0
mLapsBehindLeader:0
mPlayerHeadlights:false(0)
mServerScored:true(1)
mQualification:1


05/12/2026 12:40:13
mGamePhase:GreenFlag(5)
mSession:Practice(1)
mYellowFlagState:NoFlag(0)
mSector:1
mCurrentSector:0x80000000
***mInRealtimeFC:true(1)
mInRealtimeSU:false(0)
mSectorFlag[0]:Unknown(11)
mSectorFlag[1]:Unknown(11)
mSectorFlag[2]:Unknown(11)
mControl:AI(1)
mInPits:true(1)
mIsPlayer:true(1)
mPlace:1
mPitState:Unknown(5)
mIndividualPhase:GreenFlag(5)
mFlag:Green(0)
mUnderYellow:0
mCountLapFlag:CountLapButNotTime(1)
mInGarageStall:true(1)
mFinishStatus:None(0)
mLapNumber:0
mTotalLaps:0
mMaxLaps:2147483647

mNumVehicles:1
mScheduledStops:true(255)
mHeadlights:false(0)
mSpeedLimiter:false(0)
mFrontTireCompoundIndex:false(0)
mRearTireCompoundIndex:false(0)
mFrontTireCompoundName:Medium
mRearTireCompoundName:Medium
mFrontFlapActivated:false(0)
mRearFlapActivated:false(0)
mRearFlapLegalStatus:Disallowed(0)
mIgnitionStarter:Off(0)
mSpeedLimiterAvailable:true(1)
mAntiStallActivated:false(0)
mStartLight:0
mNumRedLights:5
mNumPitstops:0
mNumPenalties:0
mLapsBehindNext:0
mLapsBehindLeader:0
mPlayerHeadlights:false(0)
mServerScored:true(1)
mQualification:1


05/12/2026 12:40:13
mGamePhase:GreenFlag(5)
mSession:Practice(1)
mYellowFlagState:NoFlag(0)
mSector:1
mCurrentSector:0x80000000
mInRealtimeFC:true(1)
mInRealtimeSU:false(0)
mSectorFlag[0]:Unknown(11)
mSectorFlag[1]:Unknown(11)
mSectorFlag[2]:Unknown(11)
mControl:AI(1)
mInPits:true(1)
mIsPlayer:true(1)
mPlace:1
mPitState:Unknown(5)
mIndividualPhase:GreenFlag(5)
mFlag:Green(0)
mUnderYellow:0
mCountLapFlag:CountLapButNotTime(1)
mInGarageStall:true(1)
mFinishStatus:None(0)
mLapNumber:0
mTotalLaps:0
mMaxLaps:2147483647

mNumVehicles:1
mScheduledStops:true(255)
mHeadlights:false(0)
***mSpeedLimiter:true(1)
mFrontTireCompoundIndex:false(0)
mRearTireCompoundIndex:false(0)
mFrontTireCompoundName:Medium
mRearTireCompoundName:Medium
mFrontFlapActivated:false(0)
mRearFlapActivated:false(0)
mRearFlapLegalStatus:Disallowed(0)
***mIgnitionStarter:Ignition(1)
mSpeedLimiterAvailable:true(1)
mAntiStallActivated:false(0)
mStartLight:0
mNumRedLights:5
mNumPitstops:0
mNumPenalties:0
mLapsBehindNext:0
mLapsBehindLeader:0
mPlayerHeadlights:false(0)
mServerScored:true(1)
mQualification:1


05/12/2026 12:40:13
mGamePhase:GreenFlag(5)
mSession:Practice(1)
mYellowFlagState:NoFlag(0)
mSector:1
mCurrentSector:0x80000000
mInRealtimeFC:true(1)
***mInRealtimeSU:true(1)
mSectorFlag[0]:Unknown(11)
mSectorFlag[1]:Unknown(11)
mSectorFlag[2]:Unknown(11)
***mControl:Player(0)
mInPits:true(1)
mIsPlayer:true(1)
mPlace:1
mPitState:Unknown(5)
mIndividualPhase:GreenFlag(5)
mFlag:Green(0)
mUnderYellow:0
mCountLapFlag:CountLapButNotTime(1)
mInGarageStall:true(1)
mFinishStatus:None(0)
mLapNumber:0
mTotalLaps:0
mMaxLaps:2147483647

mNumVehicles:1
mScheduledStops:true(255)
mHeadlights:false(0)
mSpeedLimiter:true(1)
mFrontTireCompoundIndex:false(0)
mRearTireCompoundIndex:false(0)
mFrontTireCompoundName:Medium
mRearTireCompoundName:Medium
mFrontFlapActivated:false(0)
mRearFlapActivated:false(0)
mRearFlapLegalStatus:Disallowed(0)
mIgnitionStarter:Ignition(1)
mSpeedLimiterAvailable:true(1)
mAntiStallActivated:false(0)
mStartLight:0
mNumRedLights:5
mNumPitstops:0
mNumPenalties:0
mLapsBehindNext:0
mLapsBehindLeader:0
mPlayerHeadlights:false(0)
mServerScored:true(1)
mQualification:1


05/12/2026 13:04:47
mGamePhase:GreenFlag(5)
mSession:Practice(1)
mYellowFlagState:NoFlag(0)
mSector:1
mCurrentSector:0x80000000
mInRealtimeFC:true(1)
mInRealtimeSU:true(1)
mSectorFlag[0]:Unknown(11)
mSectorFlag[1]:Unknown(11)
mSectorFlag[2]:Unknown(11)
mControl:Player(0)
mInPits:true(1)
mIsPlayer:true(1)
mPlace:1
mPitState:Unknown(5)
mIndividualPhase:GreenFlag(5)
mFlag:Green(0)
mUnderYellow:0
mCountLapFlag:CountLapButNotTime(1)
***mInGarageStall:false(0)
mFinishStatus:None(0)
mLapNumber:0
mTotalLaps:0
mMaxLaps:2147483647

mNumVehicles:1
mScheduledStops:true(255)
mHeadlights:false(0)
mSpeedLimiter:true(1)
mFrontTireCompoundIndex:false(0)
mRearTireCompoundIndex:false(0)
mFrontTireCompoundName:Medium
mRearTireCompoundName:Medium
mFrontFlapActivated:false(0)
mRearFlapActivated:false(0)
mRearFlapLegalStatus:Disallowed(0)
mIgnitionStarter:Ignition(1)
mSpeedLimiterAvailable:true(1)
mAntiStallActivated:false(0)
mStartLight:0
mNumRedLights:5
mNumPitstops:0
mNumPenalties:0
mLapsBehindNext:0
mLapsBehindLeader:0
mPlayerHeadlights:false(0)
mServerScored:true(1)
mQualification:1


05/12/2026 13:04:50
mGamePhase:GreenFlag(5)
mSession:Practice(1)
mYellowFlagState:NoFlag(0)
mSector:1
mCurrentSector:0x80000000
mInRealtimeFC:true(1)
mInRealtimeSU:true(1)
mSectorFlag[0]:Unknown(11)
mSectorFlag[1]:Unknown(11)
mSectorFlag[2]:Unknown(11)
mControl:Player(0)
mInPits:true(1)
mIsPlayer:true(1)
mPlace:1
mPitState:Unknown(5)
mIndividualPhase:GreenFlag(5)
mFlag:Green(0)
mUnderYellow:0
mCountLapFlag:CountLapButNotTime(1)
mInGarageStall:false(0)
mFinishStatus:None(0)
mLapNumber:0
mTotalLaps:0
mMaxLaps:2147483647

mNumVehicles:1
mScheduledStops:true(255)
mHeadlights:false(0)
***mSpeedLimiter:false(0)
mFrontTireCompoundIndex:false(0)
mRearTireCompoundIndex:false(0)
mFrontTireCompoundName:Medium
mRearTireCompoundName:Medium
mFrontFlapActivated:false(0)
mRearFlapActivated:false(0)
mRearFlapLegalStatus:Disallowed(0)
mIgnitionStarter:Ignition(1)
mSpeedLimiterAvailable:true(1)
mAntiStallActivated:false(0)
mStartLight:0
mNumRedLights:5
mNumPitstops:0
mNumPenalties:0
mLapsBehindNext:0
mLapsBehindLeader:0
mPlayerHeadlights:false(0)
mServerScored:true(1)
mQualification:1


05/12/2026 13:04:50
mGamePhase:GreenFlag(5)
mSession:Practice(1)
mYellowFlagState:NoFlag(0)
mSector:1
mCurrentSector:0x80000000
mInRealtimeFC:true(1)
mInRealtimeSU:true(1)
mSectorFlag[0]:Unknown(11)
mSectorFlag[1]:Unknown(11)
mSectorFlag[2]:Unknown(11)
mControl:Player(0)
mInPits:true(1)
mIsPlayer:true(1)
mPlace:1
mPitState:Unknown(5)
mIndividualPhase:GreenFlag(5)
mFlag:Green(0)
mUnderYellow:0
mCountLapFlag:CountLapButNotTime(1)
mInGarageStall:false(0)
mFinishStatus:None(0)
mLapNumber:0
mTotalLaps:0
mMaxLaps:2147483647

mNumVehicles:1
mScheduledStops:true(255)
mHeadlights:false(0)
***mSpeedLimiter:true(1)
mFrontTireCompoundIndex:false(0)
mRearTireCompoundIndex:false(0)
mFrontTireCompoundName:Medium
mRearTireCompoundName:Medium
mFrontFlapActivated:false(0)
mRearFlapActivated:false(0)
mRearFlapLegalStatus:Disallowed(0)
mIgnitionStarter:Ignition(1)
mSpeedLimiterAvailable:true(1)
mAntiStallActivated:false(0)
mStartLight:0
mNumRedLights:5
mNumPitstops:0
mNumPenalties:0
mLapsBehindNext:0
mLapsBehindLeader:0
mPlayerHeadlights:false(0)
mServerScored:true(1)
mQualification:1


05/12/2026 13:33:53
mGamePhase:GreenFlag(5)
mSession:Practice(1)
mYellowFlagState:NoFlag(0)
mSector:1
mCurrentSector:0x80000000
mInRealtimeFC:true(1)
mInRealtimeSU:true(1)
mSectorFlag[0]:Unknown(11)
mSectorFlag[1]:Unknown(11)
mSectorFlag[2]:Unknown(11)
mControl:Player(0)
mInPits:true(1)
mIsPlayer:true(1)
mPlace:1
mPitState:Unknown(5)
mIndividualPhase:GreenFlag(5)
mFlag:Green(0)
mUnderYellow:0
mCountLapFlag:CountLapButNotTime(1)
mInGarageStall:false(0)
mFinishStatus:None(0)
mLapNumber:0
mTotalLaps:0
mMaxLaps:2147483647

mNumVehicles:1
mScheduledStops:true(255)
mHeadlights:false(0)
***mSpeedLimiter:false(0)
mFrontTireCompoundIndex:false(0)
mRearTireCompoundIndex:false(0)
mFrontTireCompoundName:Medium
mRearTireCompoundName:Medium
mFrontFlapActivated:false(0)
mRearFlapActivated:false(0)
mRearFlapLegalStatus:Disallowed(0)
mIgnitionStarter:Ignition(1)
mSpeedLimiterAvailable:true(1)
mAntiStallActivated:false(0)
mStartLight:0
mNumRedLights:5
mNumPitstops:0
mNumPenalties:0
mLapsBehindNext:0
mLapsBehindLeader:0
mPlayerHeadlights:false(0)
mServerScored:true(1)
mQualification:1


05/12/2026 13:33:57
mGamePhase:GreenFlag(5)
mSession:Practice(1)
mYellowFlagState:NoFlag(0)
mSector:1
***mCurrentSector:0x00000000
mInRealtimeFC:true(1)
mInRealtimeSU:true(1)
mSectorFlag[0]:Unknown(11)
mSectorFlag[1]:Unknown(11)
mSectorFlag[2]:Unknown(11)
mControl:Player(0)
mInPits:true(1)
mIsPlayer:true(1)
mPlace:1
mPitState:Unknown(5)
mIndividualPhase:GreenFlag(5)
mFlag:Green(0)
mUnderYellow:0
mCountLapFlag:CountLapButNotTime(1)
mInGarageStall:false(0)
mFinishStatus:None(0)
mLapNumber:0
mTotalLaps:0
mMaxLaps:2147483647

mNumVehicles:1
mScheduledStops:true(255)
mHeadlights:false(0)
mSpeedLimiter:false(0)
mFrontTireCompoundIndex:false(0)
mRearTireCompoundIndex:false(0)
mFrontTireCompoundName:Medium
mRearTireCompoundName:Medium
mFrontFlapActivated:false(0)
mRearFlapActivated:false(0)
mRearFlapLegalStatus:Disallowed(0)
mIgnitionStarter:Ignition(1)
mSpeedLimiterAvailable:true(1)
mAntiStallActivated:false(0)
mStartLight:0
mNumRedLights:5
mNumPitstops:0
mNumPenalties:0
mLapsBehindNext:0
mLapsBehindLeader:0
mPlayerHeadlights:false(0)
mServerScored:true(1)
mQualification:1


05/12/2026 13:33:57
mGamePhase:GreenFlag(5)
mSession:Practice(1)
mYellowFlagState:NoFlag(0)
mSector:1
mCurrentSector:0x00000000
mInRealtimeFC:true(1)
mInRealtimeSU:true(1)
mSectorFlag[0]:Unknown(11)
mSectorFlag[1]:Unknown(11)
mSectorFlag[2]:Unknown(11)
mControl:Player(0)
***mInPits:false(0)
mIsPlayer:true(1)
mPlace:1
***mPitState:None(0)
mIndividualPhase:GreenFlag(5)
mFlag:Green(0)
mUnderYellow:0
mCountLapFlag:CountLapButNotTime(1)
mInGarageStall:false(0)
mFinishStatus:None(0)
mLapNumber:0
mTotalLaps:0
mMaxLaps:2147483647

mNumVehicles:1
mScheduledStops:true(255)
mHeadlights:false(0)
mSpeedLimiter:false(0)
mFrontTireCompoundIndex:false(0)
mRearTireCompoundIndex:false(0)
mFrontTireCompoundName:Medium
mRearTireCompoundName:Medium
mFrontFlapActivated:false(0)
mRearFlapActivated:false(0)
mRearFlapLegalStatus:Disallowed(0)
mIgnitionStarter:Ignition(1)
mSpeedLimiterAvailable:true(1)
mAntiStallActivated:false(0)
mStartLight:0
mNumRedLights:5
mNumPitstops:0
***mNumPenalties:1
mLapsBehindNext:0
mLapsBehindLeader:0
mPlayerHeadlights:false(0)
mServerScored:true(1)
mQualification:1


05/12/2026 13:34:02
mGamePhase:GreenFlag(5)
mSession:Practice(1)
mYellowFlagState:NoFlag(0)
mSector:1
mCurrentSector:0x00000000
mInRealtimeFC:true(1)
mInRealtimeSU:true(1)
mSectorFlag[0]:Unknown(11)
mSectorFlag[1]:Unknown(11)
mSectorFlag[2]:Unknown(11)
mControl:Player(0)
mInPits:false(0)
mIsPlayer:true(1)
mPlace:1
mPitState:None(0)
mIndividualPhase:GreenFlag(5)
mFlag:Green(0)
mUnderYellow:0
mCountLapFlag:CountLapButNotTime(1)
mInGarageStall:false(0)
mFinishStatus:None(0)
mLapNumber:0
mTotalLaps:0
mMaxLaps:2147483647

mNumVehicles:1
mScheduledStops:true(255)
mHeadlights:false(0)
***mSpeedLimiter:true(1)
mFrontTireCompoundIndex:false(0)
mRearTireCompoundIndex:false(0)
mFrontTireCompoundName:Medium
mRearTireCompoundName:Medium
mFrontFlapActivated:false(0)
mRearFlapActivated:false(0)
mRearFlapLegalStatus:Disallowed(0)
mIgnitionStarter:Ignition(1)
mSpeedLimiterAvailable:true(1)
mAntiStallActivated:false(0)
mStartLight:0
mNumRedLights:5
mNumPitstops:0
mNumPenalties:1
mLapsBehindNext:0
mLapsBehindLeader:0
mPlayerHeadlights:false(0)
mServerScored:true(1)
mQualification:1


05/12/2026 13:34:03
mGamePhase:GreenFlag(5)
mSession:Practice(1)
mYellowFlagState:NoFlag(0)
mSector:1
mCurrentSector:0x00000000
mInRealtimeFC:true(1)
mInRealtimeSU:true(1)
mSectorFlag[0]:Unknown(11)
mSectorFlag[1]:Unknown(11)
mSectorFlag[2]:Unknown(11)
mControl:Player(0)
mInPits:false(0)
mIsPlayer:true(1)
mPlace:1
mPitState:None(0)
mIndividualPhase:GreenFlag(5)
mFlag:Green(0)
mUnderYellow:0
mCountLapFlag:CountLapButNotTime(1)
mInGarageStall:false(0)
mFinishStatus:None(0)
mLapNumber:0
mTotalLaps:0
mMaxLaps:2147483647

mNumVehicles:1
mScheduledStops:true(255)
mHeadlights:false(0)
***mSpeedLimiter:false(0)
mFrontTireCompoundIndex:false(0)
mRearTireCompoundIndex:false(0)
mFrontTireCompoundName:Medium
mRearTireCompoundName:Medium
mFrontFlapActivated:false(0)
mRearFlapActivated:false(0)
mRearFlapLegalStatus:Disallowed(0)
mIgnitionStarter:Ignition(1)
mSpeedLimiterAvailable:true(1)
mAntiStallActivated:false(0)
mStartLight:0
mNumRedLights:5
mNumPitstops:0
mNumPenalties:1
mLapsBehindNext:0
mLapsBehindLeader:0
mPlayerHeadlights:false(0)
mServerScored:true(1)
mQualification:1


05/12/2026 13:34:04
mGamePhase:GreenFlag(5)
mSession:Practice(1)
mYellowFlagState:NoFlag(0)
mSector:1
mCurrentSector:0x00000000
mInRealtimeFC:true(1)
mInRealtimeSU:true(1)
mSectorFlag[0]:Unknown(11)
mSectorFlag[1]:Unknown(11)
mSectorFlag[2]:Unknown(11)
mControl:Player(0)
mInPits:false(0)
mIsPlayer:true(1)
mPlace:1
***mPitState:Request(1)
mIndividualPhase:GreenFlag(5)
mFlag:Green(0)
mUnderYellow:0
mCountLapFlag:CountLapButNotTime(1)
mInGarageStall:false(0)
mFinishStatus:None(0)
mLapNumber:0
mTotalLaps:0
mMaxLaps:2147483647

mNumVehicles:1
mScheduledStops:true(255)
mHeadlights:false(0)
mSpeedLimiter:false(0)
mFrontTireCompoundIndex:false(0)
mRearTireCompoundIndex:false(0)
mFrontTireCompoundName:Medium
mRearTireCompoundName:Medium
mFrontFlapActivated:false(0)
mRearFlapActivated:false(0)
mRearFlapLegalStatus:Disallowed(0)
mIgnitionStarter:Ignition(1)
mSpeedLimiterAvailable:true(1)
mAntiStallActivated:false(0)
mStartLight:0
mNumRedLights:5
mNumPitstops:0
mNumPenalties:1
mLapsBehindNext:0
mLapsBehindLeader:0
mPlayerHeadlights:false(0)
mServerScored:true(1)
mQualification:1


05/12/2026 13:34:05
mGamePhase:GreenFlag(5)
mSession:Practice(1)
mYellowFlagState:NoFlag(0)
mSector:1
mCurrentSector:0x00000000
mInRealtimeFC:true(1)
mInRealtimeSU:true(1)
mSectorFlag[0]:Unknown(11)
mSectorFlag[1]:Unknown(11)
mSectorFlag[2]:Unknown(11)
mControl:Player(0)
mInPits:false(0)
mIsPlayer:true(1)
mPlace:1
***mPitState:None(0)
mIndividualPhase:GreenFlag(5)
mFlag:Green(0)
mUnderYellow:0
mCountLapFlag:CountLapButNotTime(1)
mInGarageStall:false(0)
mFinishStatus:None(0)
mLapNumber:0
mTotalLaps:0
mMaxLaps:2147483647

mNumVehicles:1
mScheduledStops:true(255)
mHeadlights:false(0)
mSpeedLimiter:false(0)
mFrontTireCompoundIndex:false(0)
mRearTireCompoundIndex:false(0)
mFrontTireCompoundName:Medium
mRearTireCompoundName:Medium
mFrontFlapActivated:false(0)
mRearFlapActivated:false(0)
mRearFlapLegalStatus:Disallowed(0)
mIgnitionStarter:Ignition(1)
mSpeedLimiterAvailable:true(1)
mAntiStallActivated:false(0)
mStartLight:0
mNumRedLights:5
mNumPitstops:0
mNumPenalties:1
mLapsBehindNext:0
mLapsBehindLeader:0
mPlayerHeadlights:false(0)
mServerScored:true(1)
mQualification:1


05/12/2026 13:34:09
mGamePhase:GreenFlag(5)
mSession:Practice(1)
mYellowFlagState:NoFlag(0)
mSector:1
mCurrentSector:0x00000000
mInRealtimeFC:true(1)
mInRealtimeSU:true(1)
***mSectorFlag[0]:Pending(1)
mSectorFlag[1]:Unknown(11)
mSectorFlag[2]:Unknown(11)
mControl:Player(0)
mInPits:false(0)
mIsPlayer:true(1)
mPlace:1
mPitState:None(0)
mIndividualPhase:GreenFlag(5)
mFlag:Green(0)
mUnderYellow:0
mCountLapFlag:CountLapButNotTime(1)
mInGarageStall:false(0)
mFinishStatus:None(0)
mLapNumber:0
mTotalLaps:0
mMaxLaps:2147483647

mNumVehicles:1
mScheduledStops:true(255)
mHeadlights:false(0)
mSpeedLimiter:false(0)
mFrontTireCompoundIndex:false(0)
mRearTireCompoundIndex:false(0)
mFrontTireCompoundName:Medium
mRearTireCompoundName:Medium
mFrontFlapActivated:false(0)
mRearFlapActivated:false(0)
mRearFlapLegalStatus:Disallowed(0)
mIgnitionStarter:Ignition(1)
mSpeedLimiterAvailable:true(1)
mAntiStallActivated:false(0)
mStartLight:0
mNumRedLights:5
mNumPitstops:0
mNumPenalties:1
mLapsBehindNext:0
mLapsBehindLeader:0
mPlayerHeadlights:false(0)
mServerScored:true(1)
mQualification:1


05/12/2026 13:34:10
mGamePhase:GreenFlag(5)
mSession:Practice(1)
mYellowFlagState:NoFlag(0)
mSector:1
mCurrentSector:0x00000000
mInRealtimeFC:true(1)
mInRealtimeSU:true(1)
***mSectorFlag[0]:Unknown(11)
mSectorFlag[1]:Unknown(11)
mSectorFlag[2]:Unknown(11)
mControl:Player(0)
mInPits:false(0)
mIsPlayer:true(1)
mPlace:1
mPitState:None(0)
mIndividualPhase:GreenFlag(5)
mFlag:Green(0)
mUnderYellow:0
mCountLapFlag:CountLapButNotTime(1)
mInGarageStall:false(0)
mFinishStatus:None(0)
mLapNumber:0
mTotalLaps:0
mMaxLaps:2147483647

mNumVehicles:1
mScheduledStops:true(255)
mHeadlights:false(0)
mSpeedLimiter:false(0)
mFrontTireCompoundIndex:false(0)
mRearTireCompoundIndex:false(0)
mFrontTireCompoundName:Medium
mRearTireCompoundName:Medium
mFrontFlapActivated:false(0)
mRearFlapActivated:false(0)
mRearFlapLegalStatus:Disallowed(0)
mIgnitionStarter:Ignition(1)
mSpeedLimiterAvailable:true(1)
mAntiStallActivated:false(0)
mStartLight:0
mNumRedLights:5
mNumPitstops:0
mNumPenalties:1
mLapsBehindNext:0
mLapsBehindLeader:0
mPlayerHeadlights:false(0)
mServerScored:true(1)
mQualification:1


05/12/2026 13:34:16
mGamePhase:GreenFlag(5)
mSession:Practice(1)
mYellowFlagState:NoFlag(0)
mSector:1
mCurrentSector:0x00000000
mInRealtimeFC:true(1)
mInRealtimeSU:true(1)
***mSectorFlag[0]:Pending(1)
mSectorFlag[1]:Unknown(11)
mSectorFlag[2]:Unknown(11)
mControl:Player(0)
mInPits:false(0)
mIsPlayer:true(1)
mPlace:1
mPitState:None(0)
mIndividualPhase:GreenFlag(5)
mFlag:Green(0)
mUnderYellow:0
mCountLapFlag:CountLapButNotTime(1)
mInGarageStall:false(0)
mFinishStatus:None(0)
mLapNumber:0
mTotalLaps:0
mMaxLaps:2147483647

mNumVehicles:1
mScheduledStops:true(255)
mHeadlights:false(0)
mSpeedLimiter:false(0)
mFrontTireCompoundIndex:false(0)
mRearTireCompoundIndex:false(0)
mFrontTireCompoundName:Medium
mRearTireCompoundName:Medium
mFrontFlapActivated:false(0)
mRearFlapActivated:false(0)
mRearFlapLegalStatus:Disallowed(0)
mIgnitionStarter:Ignition(1)
mSpeedLimiterAvailable:true(1)
mAntiStallActivated:false(0)
mStartLight:0
mNumRedLights:5
mNumPitstops:0
mNumPenalties:1
mLapsBehindNext:0
mLapsBehindLeader:0
mPlayerHeadlights:false(0)
mServerScored:true(1)
mQualification:1


05/12/2026 13:34:18
mGamePhase:GreenFlag(5)
mSession:Practice(1)
mYellowFlagState:NoFlag(0)
mSector:1
mCurrentSector:0x00000000
***mInRealtimeFC:false(0)
mInRealtimeSU:true(1)
mSectorFlag[0]:Pending(1)
mSectorFlag[1]:Unknown(11)
mSectorFlag[2]:Unknown(11)
mControl:Player(0)
mInPits:false(0)
mIsPlayer:true(1)
mPlace:1
mPitState:None(0)
mIndividualPhase:GreenFlag(5)
mFlag:Green(0)
mUnderYellow:0
mCountLapFlag:CountLapButNotTime(1)
mInGarageStall:false(0)
mFinishStatus:None(0)
mLapNumber:0
mTotalLaps:0
mMaxLaps:2147483647

mNumVehicles:1
mScheduledStops:true(255)
mHeadlights:false(0)
mSpeedLimiter:false(0)
mFrontTireCompoundIndex:false(0)
mRearTireCompoundIndex:false(0)
mFrontTireCompoundName:Medium
mRearTireCompoundName:Medium
mFrontFlapActivated:false(0)
mRearFlapActivated:false(0)
mRearFlapLegalStatus:Disallowed(0)
mIgnitionStarter:Ignition(1)
mSpeedLimiterAvailable:true(1)
mAntiStallActivated:false(0)
mStartLight:0
mNumRedLights:5
mNumPitstops:0
mNumPenalties:1
mLapsBehindNext:0
mLapsBehindLeader:0
mPlayerHeadlights:false(0)
mServerScored:true(1)
mQualification:1


05/12/2026 13:34:18
mGamePhase:GreenFlag(5)
mSession:Practice(1)
mYellowFlagState:NoFlag(0)
mSector:1
***mCurrentSector:0x80000000
mInRealtimeFC:false(0)
mInRealtimeSU:true(1)
mSectorFlag[0]:Pending(1)
mSectorFlag[1]:Unknown(11)
mSectorFlag[2]:Unknown(11)
mControl:Player(0)
mInPits:false(0)
mIsPlayer:true(1)
mPlace:1
mPitState:None(0)
mIndividualPhase:GreenFlag(5)
mFlag:Green(0)
mUnderYellow:0
mCountLapFlag:CountLapButNotTime(1)
mInGarageStall:false(0)
mFinishStatus:None(0)
***mLapNumber:1
mTotalLaps:0
mMaxLaps:2147483647

mNumVehicles:1
mScheduledStops:true(255)
mHeadlights:false(0)
mSpeedLimiter:false(0)
mFrontTireCompoundIndex:false(0)
mRearTireCompoundIndex:false(0)
mFrontTireCompoundName:Medium
mRearTireCompoundName:Medium
mFrontFlapActivated:false(0)
mRearFlapActivated:false(0)
mRearFlapLegalStatus:Disallowed(0)
***mIgnitionStarter:Off(0)
mSpeedLimiterAvailable:true(1)
mAntiStallActivated:false(0)
mStartLight:0
mNumRedLights:5
mNumPitstops:0
mNumPenalties:1
mLapsBehindNext:0
mLapsBehindLeader:0
mPlayerHeadlights:false(0)
mServerScored:true(1)
mQualification:1


05/12/2026 13:34:18
mGamePhase:GreenFlag(5)
mSession:Practice(1)
mYellowFlagState:NoFlag(0)
mSector:1
mCurrentSector:0x80000000
mInRealtimeFC:false(0)
***mInRealtimeSU:false(0)
mSectorFlag[0]:Pending(1)
mSectorFlag[1]:Unknown(11)
mSectorFlag[2]:Unknown(11)
***mControl:AI(1)
***mInPits:true(1)
mIsPlayer:true(1)
mPlace:1
***mPitState:Unknown(5)
mIndividualPhase:GreenFlag(5)
mFlag:Green(0)
mUnderYellow:0
mCountLapFlag:CountLapButNotTime(1)
***mInGarageStall:true(1)
mFinishStatus:None(0)
mLapNumber:1
***mTotalLaps:1
mMaxLaps:2147483647

mNumVehicles:1
mScheduledStops:true(255)
mHeadlights:false(0)
mSpeedLimiter:false(0)
mFrontTireCompoundIndex:false(0)
mRearTireCompoundIndex:false(0)
mFrontTireCompoundName:Medium
mRearTireCompoundName:Medium
mFrontFlapActivated:false(0)
mRearFlapActivated:false(0)
mRearFlapLegalStatus:Disallowed(0)
mIgnitionStarter:Off(0)
mSpeedLimiterAvailable:true(1)
mAntiStallActivated:false(0)
mStartLight:0
mNumRedLights:5
mNumPitstops:0
mNumPenalties:1
mLapsBehindNext:0
mLapsBehindLeader:0
mPlayerHeadlights:false(0)
mServerScored:true(1)
mQualification:1


05/12/2026 13:34:18
mGamePhase:GreenFlag(5)
mSession:Practice(1)
mYellowFlagState:NoFlag(0)
mSector:1
mCurrentSector:0x80000000
mInRealtimeFC:false(0)
mInRealtimeSU:false(0)
***mSectorFlag[0]:Unknown(11)
mSectorFlag[1]:Unknown(11)
mSectorFlag[2]:Unknown(11)
mControl:AI(1)
mInPits:true(1)
mIsPlayer:true(1)
mPlace:1
mPitState:Unknown(5)
mIndividualPhase:GreenFlag(5)
mFlag:Green(0)
mUnderYellow:0
mCountLapFlag:CountLapButNotTime(1)
mInGarageStall:true(1)
mFinishStatus:None(0)
mLapNumber:1
mTotalLaps:1
mMaxLaps:2147483647

mNumVehicles:1
mScheduledStops:true(255)
mHeadlights:false(0)
mSpeedLimiter:false(0)
mFrontTireCompoundIndex:false(0)
mRearTireCompoundIndex:false(0)
mFrontTireCompoundName:Medium
mRearTireCompoundName:Medium
mFrontFlapActivated:false(0)
mRearFlapActivated:false(0)
mRearFlapLegalStatus:Disallowed(0)
mIgnitionStarter:Off(0)
mSpeedLimiterAvailable:true(1)
mAntiStallActivated:false(0)
mStartLight:0
mNumRedLights:5
mNumPitstops:0
mNumPenalties:1
mLapsBehindNext:0
mLapsBehindLeader:0
mPlayerHeadlights:false(0)
mServerScored:true(1)
mQualification:1


05/12/2026 13:38:38
mGamePhase:GreenFlag(5)
mSession:Practice(1)
mYellowFlagState:NoFlag(0)
mSector:1
mCurrentSector:0x80000000
***mInRealtimeFC:true(1)
mInRealtimeSU:false(0)
mSectorFlag[0]:Unknown(11)
mSectorFlag[1]:Unknown(11)
mSectorFlag[2]:Unknown(11)
mControl:AI(1)
mInPits:true(1)
mIsPlayer:true(1)
mPlace:1
mPitState:Unknown(5)
mIndividualPhase:GreenFlag(5)
mFlag:Green(0)
mUnderYellow:0
mCountLapFlag:CountLapButNotTime(1)
mInGarageStall:true(1)
mFinishStatus:None(0)
mLapNumber:1
mTotalLaps:1
mMaxLaps:2147483647

mNumVehicles:1
mScheduledStops:true(255)
mHeadlights:false(0)
mSpeedLimiter:false(0)
mFrontTireCompoundIndex:false(0)
mRearTireCompoundIndex:false(0)
mFrontTireCompoundName:Medium
mRearTireCompoundName:Medium
mFrontFlapActivated:false(0)
mRearFlapActivated:false(0)
mRearFlapLegalStatus:Disallowed(0)
mIgnitionStarter:Off(0)
mSpeedLimiterAvailable:true(1)
mAntiStallActivated:false(0)
mStartLight:0
mNumRedLights:5
mNumPitstops:0
mNumPenalties:1
mLapsBehindNext:0
mLapsBehindLeader:0
mPlayerHeadlights:false(0)
mServerScored:true(1)
mQualification:1


05/12/2026 13:38:38
mGamePhase:GreenFlag(5)
mSession:Practice(1)
mYellowFlagState:NoFlag(0)
mSector:1
mCurrentSector:0x80000000
mInRealtimeFC:true(1)
mInRealtimeSU:false(0)
mSectorFlag[0]:Unknown(11)
mSectorFlag[1]:Unknown(11)
mSectorFlag[2]:Unknown(11)
mControl:AI(1)
mInPits:true(1)
mIsPlayer:true(1)
mPlace:1
mPitState:Unknown(5)
mIndividualPhase:GreenFlag(5)
mFlag:Green(0)
mUnderYellow:0
mCountLapFlag:CountLapButNotTime(1)
mInGarageStall:true(1)
mFinishStatus:None(0)
mLapNumber:1
mTotalLaps:1
mMaxLaps:2147483647

mNumVehicles:1
mScheduledStops:true(255)
mHeadlights:false(0)
***mSpeedLimiter:true(1)
mFrontTireCompoundIndex:false(0)
mRearTireCompoundIndex:false(0)
mFrontTireCompoundName:Medium
mRearTireCompoundName:Medium
mFrontFlapActivated:false(0)
mRearFlapActivated:false(0)
mRearFlapLegalStatus:Disallowed(0)
***mIgnitionStarter:IgnitionAndStarter(2)
mSpeedLimiterAvailable:true(1)
mAntiStallActivated:false(0)
mStartLight:0
mNumRedLights:5
mNumPitstops:0
mNumPenalties:1
mLapsBehindNext:0
mLapsBehindLeader:0
mPlayerHeadlights:false(0)
mServerScored:true(1)
mQualification:1


05/12/2026 13:38:38
mGamePhase:GreenFlag(5)
mSession:Practice(1)
mYellowFlagState:NoFlag(0)
mSector:1
mCurrentSector:0x80000000
mInRealtimeFC:true(1)
***mInRealtimeSU:true(1)
mSectorFlag[0]:Unknown(11)
mSectorFlag[1]:Unknown(11)
mSectorFlag[2]:Unknown(11)
***mControl:Player(0)
mInPits:true(1)
mIsPlayer:true(1)
mPlace:1
mPitState:Unknown(5)
mIndividualPhase:GreenFlag(5)
mFlag:Green(0)
mUnderYellow:0
mCountLapFlag:CountLapButNotTime(1)
mInGarageStall:true(1)
mFinishStatus:None(0)
mLapNumber:1
mTotalLaps:1
mMaxLaps:2147483647

mNumVehicles:1
mScheduledStops:true(255)
mHeadlights:false(0)
mSpeedLimiter:true(1)
mFrontTireCompoundIndex:false(0)
mRearTireCompoundIndex:false(0)
mFrontTireCompoundName:Medium
mRearTireCompoundName:Medium
mFrontFlapActivated:false(0)
mRearFlapActivated:false(0)
mRearFlapLegalStatus:Disallowed(0)
mIgnitionStarter:IgnitionAndStarter(2)
mSpeedLimiterAvailable:true(1)
mAntiStallActivated:false(0)
mStartLight:0
mNumRedLights:5
mNumPitstops:0
mNumPenalties:1
mLapsBehindNext:0
mLapsBehindLeader:0
mPlayerHeadlights:false(0)
mServerScored:true(1)
mQualification:1


05/12/2026 13:38:38
mGamePhase:GreenFlag(5)
mSession:Practice(1)
mYellowFlagState:NoFlag(0)
mSector:1
mCurrentSector:0x80000000
mInRealtimeFC:true(1)
mInRealtimeSU:true(1)
mSectorFlag[0]:Unknown(11)
mSectorFlag[1]:Unknown(11)
mSectorFlag[2]:Unknown(11)
mControl:Player(0)
mInPits:true(1)
mIsPlayer:true(1)
mPlace:1
mPitState:Unknown(5)
mIndividualPhase:GreenFlag(5)
mFlag:Green(0)
mUnderYellow:0
mCountLapFlag:CountLapButNotTime(1)
mInGarageStall:true(1)
mFinishStatus:None(0)
mLapNumber:1
mTotalLaps:1
mMaxLaps:2147483647

mNumVehicles:1
mScheduledStops:true(255)
mHeadlights:false(0)
mSpeedLimiter:true(1)
mFrontTireCompoundIndex:false(0)
mRearTireCompoundIndex:false(0)
mFrontTireCompoundName:Medium
mRearTireCompoundName:Medium
mFrontFlapActivated:false(0)
mRearFlapActivated:false(0)
mRearFlapLegalStatus:Disallowed(0)
***mIgnitionStarter:Ignition(1)
mSpeedLimiterAvailable:true(1)
mAntiStallActivated:false(0)
mStartLight:0
mNumRedLights:5
mNumPitstops:0
mNumPenalties:1
mLapsBehindNext:0
mLapsBehindLeader:0
mPlayerHeadlights:false(0)
mServerScored:true(1)
mQualification:1


05/12/2026 13:39:13
mGamePhase:GreenFlag(5)
mSession:Practice(1)
mYellowFlagState:NoFlag(0)
mSector:1
mCurrentSector:0x80000000
mInRealtimeFC:true(1)
mInRealtimeSU:true(1)
mSectorFlag[0]:Unknown(11)
mSectorFlag[1]:Unknown(11)
mSectorFlag[2]:Unknown(11)
mControl:Player(0)
mInPits:true(1)
mIsPlayer:true(1)
mPlace:1
mPitState:Unknown(5)
mIndividualPhase:GreenFlag(5)
mFlag:Green(0)
mUnderYellow:0
mCountLapFlag:CountLapButNotTime(1)
***mInGarageStall:false(0)
mFinishStatus:None(0)
mLapNumber:1
mTotalLaps:1
mMaxLaps:2147483647

mNumVehicles:1
mScheduledStops:true(255)
mHeadlights:false(0)
mSpeedLimiter:true(1)
mFrontTireCompoundIndex:false(0)
mRearTireCompoundIndex:false(0)
mFrontTireCompoundName:Medium
mRearTireCompoundName:Medium
mFrontFlapActivated:false(0)
mRearFlapActivated:false(0)
mRearFlapLegalStatus:Disallowed(0)
mIgnitionStarter:Ignition(1)
mSpeedLimiterAvailable:true(1)
mAntiStallActivated:false(0)
mStartLight:0
mNumRedLights:5
mNumPitstops:0
mNumPenalties:1
mLapsBehindNext:0
mLapsBehindLeader:0
mPlayerHeadlights:false(0)
mServerScored:true(1)
mQualification:1


05/12/2026 13:39:18
mGamePhase:GreenFlag(5)
mSession:Practice(1)
mYellowFlagState:NoFlag(0)
mSector:1
mCurrentSector:0x80000000
mInRealtimeFC:true(1)
mInRealtimeSU:true(1)
mSectorFlag[0]:Unknown(11)
mSectorFlag[1]:Unknown(11)
mSectorFlag[2]:Unknown(11)
mControl:Player(0)
mInPits:true(1)
mIsPlayer:true(1)
mPlace:1
mPitState:Unknown(5)
mIndividualPhase:GreenFlag(5)
mFlag:Green(0)
mUnderYellow:0
mCountLapFlag:CountLapButNotTime(1)
***mInGarageStall:true(1)
mFinishStatus:None(0)
mLapNumber:1
mTotalLaps:1
mMaxLaps:2147483647

mNumVehicles:1
mScheduledStops:true(255)
mHeadlights:false(0)
mSpeedLimiter:true(1)
mFrontTireCompoundIndex:false(0)
mRearTireCompoundIndex:false(0)
mFrontTireCompoundName:Medium
mRearTireCompoundName:Medium
mFrontFlapActivated:false(0)
mRearFlapActivated:false(0)
mRearFlapLegalStatus:Disallowed(0)
mIgnitionStarter:Ignition(1)
mSpeedLimiterAvailable:true(1)
mAntiStallActivated:false(0)
mStartLight:0
mNumRedLights:5
mNumPitstops:0
mNumPenalties:1
mLapsBehindNext:0
mLapsBehindLeader:0
mPlayerHeadlights:false(0)
mServerScored:true(1)
mQualification:1


05/12/2026 13:39:19
mGamePhase:GreenFlag(5)
mSession:Practice(1)
mYellowFlagState:NoFlag(0)
mSector:1
mCurrentSector:0x80000000
mInRealtimeFC:true(1)
mInRealtimeSU:true(1)
mSectorFlag[0]:Unknown(11)
mSectorFlag[1]:Unknown(11)
mSectorFlag[2]:Unknown(11)
mControl:Player(0)
mInPits:true(1)
mIsPlayer:true(1)
mPlace:1
mPitState:Unknown(5)
mIndividualPhase:GreenFlag(5)
mFlag:Green(0)
mUnderYellow:0
mCountLapFlag:CountLapButNotTime(1)
***mInGarageStall:false(0)
mFinishStatus:None(0)
mLapNumber:1
mTotalLaps:1
mMaxLaps:2147483647

mNumVehicles:1
mScheduledStops:true(255)
mHeadlights:false(0)
mSpeedLimiter:true(1)
mFrontTireCompoundIndex:false(0)
mRearTireCompoundIndex:false(0)
mFrontTireCompoundName:Medium
mRearTireCompoundName:Medium
mFrontFlapActivated:false(0)
mRearFlapActivated:false(0)
mRearFlapLegalStatus:Disallowed(0)
mIgnitionStarter:Ignition(1)
mSpeedLimiterAvailable:true(1)
mAntiStallActivated:false(0)
mStartLight:0
mNumRedLights:5
mNumPitstops:0
mNumPenalties:1
mLapsBehindNext:0
mLapsBehindLeader:0
mPlayerHeadlights:false(0)
mServerScored:true(1)
mQualification:1


05/12/2026 14:05:59
mGamePhase:GreenFlag(5)
mSession:Practice(1)
mYellowFlagState:NoFlag(0)
mSector:1
mCurrentSector:0x80000000
mInRealtimeFC:true(1)
mInRealtimeSU:true(1)
***mSectorFlag[0]:Pending(1)
mSectorFlag[1]:Unknown(11)
mSectorFlag[2]:Unknown(11)
mControl:Player(0)
mInPits:true(1)
mIsPlayer:true(1)
mPlace:1
mPitState:Unknown(5)
mIndividualPhase:GreenFlag(5)
mFlag:Green(0)
mUnderYellow:0
mCountLapFlag:CountLapButNotTime(1)
mInGarageStall:false(0)
mFinishStatus:None(0)
mLapNumber:1
mTotalLaps:1
mMaxLaps:2147483647

mNumVehicles:1
mScheduledStops:true(255)
mHeadlights:false(0)
mSpeedLimiter:true(1)
mFrontTireCompoundIndex:false(0)
mRearTireCompoundIndex:false(0)
mFrontTireCompoundName:Medium
mRearTireCompoundName:Medium
mFrontFlapActivated:false(0)
mRearFlapActivated:false(0)
mRearFlapLegalStatus:Disallowed(0)
mIgnitionStarter:Ignition(1)
mSpeedLimiterAvailable:true(1)
mAntiStallActivated:false(0)
mStartLight:0
mNumRedLights:5
mNumPitstops:0
mNumPenalties:1
mLapsBehindNext:0
mLapsBehindLeader:0
mPlayerHeadlights:false(0)
mServerScored:true(1)
mQualification:1


05/12/2026 14:06:20
mGamePhase:GreenFlag(5)
mSession:Practice(1)
mYellowFlagState:NoFlag(0)
mSector:1
mCurrentSector:0x80000000
mInRealtimeFC:true(1)
mInRealtimeSU:true(1)
***mSectorFlag[0]:Unknown(11)
mSectorFlag[1]:Unknown(11)
mSectorFlag[2]:Unknown(11)
mControl:Player(0)
mInPits:true(1)
mIsPlayer:true(1)
mPlace:1
mPitState:Unknown(5)
mIndividualPhase:GreenFlag(5)
mFlag:Green(0)
mUnderYellow:0
mCountLapFlag:CountLapButNotTime(1)
mInGarageStall:false(0)
mFinishStatus:None(0)
mLapNumber:1
mTotalLaps:1
mMaxLaps:2147483647

mNumVehicles:1
mScheduledStops:true(255)
mHeadlights:false(0)
mSpeedLimiter:true(1)
mFrontTireCompoundIndex:false(0)
mRearTireCompoundIndex:false(0)
mFrontTireCompoundName:Medium
mRearTireCompoundName:Medium
mFrontFlapActivated:false(0)
mRearFlapActivated:false(0)
mRearFlapLegalStatus:Disallowed(0)
mIgnitionStarter:Ignition(1)
mSpeedLimiterAvailable:true(1)
mAntiStallActivated:false(0)
mStartLight:0
mNumRedLights:5
mNumPitstops:0
mNumPenalties:1
mLapsBehindNext:0
mLapsBehindLeader:0
mPlayerHeadlights:false(0)
mServerScored:true(1)
mQualification:1


05/12/2026 14:06:34
mGamePhase:GreenFlag(5)
mSession:Practice(1)
mYellowFlagState:NoFlag(0)
mSector:1
mCurrentSector:0x80000000
mInRealtimeFC:true(1)
mInRealtimeSU:true(1)
mSectorFlag[0]:Unknown(11)
mSectorFlag[1]:Unknown(11)
mSectorFlag[2]:Unknown(11)
mControl:Player(0)
mInPits:true(1)
mIsPlayer:true(1)
mPlace:1
mPitState:Unknown(5)
mIndividualPhase:GreenFlag(5)
mFlag:Green(0)
mUnderYellow:0
mCountLapFlag:CountLapButNotTime(1)
mInGarageStall:false(0)
mFinishStatus:None(0)
mLapNumber:1
mTotalLaps:1
mMaxLaps:2147483647

mNumVehicles:1
mScheduledStops:true(255)
mHeadlights:false(0)
***mSpeedLimiter:false(0)
mFrontTireCompoundIndex:false(0)
mRearTireCompoundIndex:false(0)
mFrontTireCompoundName:Medium
mRearTireCompoundName:Medium
mFrontFlapActivated:false(0)
mRearFlapActivated:false(0)
mRearFlapLegalStatus:Disallowed(0)
mIgnitionStarter:Ignition(1)
mSpeedLimiterAvailable:true(1)
mAntiStallActivated:false(0)
mStartLight:0
mNumRedLights:5
mNumPitstops:0
mNumPenalties:1
mLapsBehindNext:0
mLapsBehindLeader:0
mPlayerHeadlights:false(0)
mServerScored:true(1)
mQualification:1


05/12/2026 14:06:34
mGamePhase:GreenFlag(5)
mSession:Practice(1)
mYellowFlagState:NoFlag(0)
mSector:1
***mCurrentSector:0x00000000
mInRealtimeFC:true(1)
mInRealtimeSU:true(1)
mSectorFlag[0]:Unknown(11)
mSectorFlag[1]:Unknown(11)
mSectorFlag[2]:Unknown(11)
mControl:Player(0)
mInPits:true(1)
mIsPlayer:true(1)
mPlace:1
mPitState:Unknown(5)
mIndividualPhase:GreenFlag(5)
mFlag:Green(0)
mUnderYellow:0
mCountLapFlag:CountLapButNotTime(1)
mInGarageStall:false(0)
mFinishStatus:None(0)
mLapNumber:1
mTotalLaps:1
mMaxLaps:2147483647

mNumVehicles:1
mScheduledStops:true(255)
mHeadlights:false(0)
mSpeedLimiter:false(0)
mFrontTireCompoundIndex:false(0)
mRearTireCompoundIndex:false(0)
mFrontTireCompoundName:Medium
mRearTireCompoundName:Medium
mFrontFlapActivated:false(0)
mRearFlapActivated:false(0)
mRearFlapLegalStatus:Disallowed(0)
mIgnitionStarter:Ignition(1)
mSpeedLimiterAvailable:true(1)
mAntiStallActivated:false(0)
mStartLight:0
mNumRedLights:5
mNumPitstops:0
mNumPenalties:1
mLapsBehindNext:0
mLapsBehindLeader:0
mPlayerHeadlights:false(0)
mServerScored:true(1)
mQualification:1


05/12/2026 14:06:34
mGamePhase:GreenFlag(5)
mSession:Practice(1)
mYellowFlagState:NoFlag(0)
mSector:1
mCurrentSector:0x00000000
mInRealtimeFC:true(1)
mInRealtimeSU:true(1)
mSectorFlag[0]:Unknown(11)
mSectorFlag[1]:Unknown(11)
mSectorFlag[2]:Unknown(11)
mControl:Player(0)
***mInPits:false(0)
mIsPlayer:true(1)
mPlace:1
***mPitState:None(0)
mIndividualPhase:GreenFlag(5)
mFlag:Green(0)
mUnderYellow:0
mCountLapFlag:CountLapButNotTime(1)
mInGarageStall:false(0)
mFinishStatus:None(0)
mLapNumber:1
mTotalLaps:1
mMaxLaps:2147483647

mNumVehicles:1
mScheduledStops:true(255)
mHeadlights:false(0)
mSpeedLimiter:false(0)
mFrontTireCompoundIndex:false(0)
mRearTireCompoundIndex:false(0)
mFrontTireCompoundName:Medium
mRearTireCompoundName:Medium
mFrontFlapActivated:false(0)
mRearFlapActivated:false(0)
mRearFlapLegalStatus:Disallowed(0)
mIgnitionStarter:Ignition(1)
mSpeedLimiterAvailable:true(1)
mAntiStallActivated:false(0)
mStartLight:0
mNumRedLights:5
mNumPitstops:0
***mNumPenalties:2
mLapsBehindNext:0
mLapsBehindLeader:0
mPlayerHeadlights:false(0)
mServerScored:true(1)
mQualification:1


05/12/2026 14:06:38
mGamePhase:GreenFlag(5)
mSession:Practice(1)
mYellowFlagState:NoFlag(0)
mSector:1
mCurrentSector:0x00000000
mInRealtimeFC:true(1)
mInRealtimeSU:true(1)
mSectorFlag[0]:Unknown(11)
mSectorFlag[1]:Unknown(11)
mSectorFlag[2]:Unknown(11)
mControl:Player(0)
mInPits:false(0)
mIsPlayer:true(1)
mPlace:1
mPitState:None(0)
mIndividualPhase:GreenFlag(5)
mFlag:Green(0)
mUnderYellow:0
mCountLapFlag:CountLapButNotTime(1)
mInGarageStall:false(0)
mFinishStatus:None(0)
mLapNumber:1
mTotalLaps:1
mMaxLaps:2147483647

mNumVehicles:1
mScheduledStops:true(255)
mHeadlights:false(0)
***mSpeedLimiter:true(1)
mFrontTireCompoundIndex:false(0)
mRearTireCompoundIndex:false(0)
mFrontTireCompoundName:Medium
mRearTireCompoundName:Medium
mFrontFlapActivated:false(0)
mRearFlapActivated:false(0)
mRearFlapLegalStatus:Disallowed(0)
mIgnitionStarter:Ignition(1)
mSpeedLimiterAvailable:true(1)
mAntiStallActivated:false(0)
mStartLight:0
mNumRedLights:5
mNumPitstops:0
mNumPenalties:2
mLapsBehindNext:0
mLapsBehindLeader:0
mPlayerHeadlights:false(0)
mServerScored:true(1)
mQualification:1


05/12/2026 14:06:39
mGamePhase:GreenFlag(5)
mSession:Practice(1)
mYellowFlagState:NoFlag(0)
mSector:1
mCurrentSector:0x00000000
mInRealtimeFC:true(1)
mInRealtimeSU:true(1)
mSectorFlag[0]:Unknown(11)
mSectorFlag[1]:Unknown(11)
mSectorFlag[2]:Unknown(11)
mControl:Player(0)
mInPits:false(0)
mIsPlayer:true(1)
mPlace:1
mPitState:None(0)
mIndividualPhase:GreenFlag(5)
mFlag:Green(0)
mUnderYellow:0
mCountLapFlag:CountLapButNotTime(1)
mInGarageStall:false(0)
mFinishStatus:None(0)
mLapNumber:1
mTotalLaps:1
mMaxLaps:2147483647

mNumVehicles:1
mScheduledStops:true(255)
mHeadlights:false(0)
***mSpeedLimiter:false(0)
mFrontTireCompoundIndex:false(0)
mRearTireCompoundIndex:false(0)
mFrontTireCompoundName:Medium
mRearTireCompoundName:Medium
mFrontFlapActivated:false(0)
mRearFlapActivated:false(0)
mRearFlapLegalStatus:Disallowed(0)
mIgnitionStarter:Ignition(1)
mSpeedLimiterAvailable:true(1)
mAntiStallActivated:false(0)
mStartLight:0
mNumRedLights:5
mNumPitstops:0
mNumPenalties:2
mLapsBehindNext:0
mLapsBehindLeader:0
mPlayerHeadlights:false(0)
mServerScored:true(1)
mQualification:1


05/12/2026 14:06:45
mGamePhase:GreenFlag(5)
mSession:Practice(1)
mYellowFlagState:NoFlag(0)
mSector:1
mCurrentSector:0x00000000
mInRealtimeFC:true(1)
mInRealtimeSU:true(1)
***mSectorFlag[0]:Pending(1)
mSectorFlag[1]:Unknown(11)
mSectorFlag[2]:Unknown(11)
mControl:Player(0)
mInPits:false(0)
mIsPlayer:true(1)
mPlace:1
mPitState:None(0)
mIndividualPhase:GreenFlag(5)
mFlag:Green(0)
mUnderYellow:0
mCountLapFlag:CountLapButNotTime(1)
mInGarageStall:false(0)
mFinishStatus:None(0)
mLapNumber:1
mTotalLaps:1
mMaxLaps:2147483647

mNumVehicles:1
mScheduledStops:true(255)
mHeadlights:false(0)
mSpeedLimiter:false(0)
mFrontTireCompoundIndex:false(0)
mRearTireCompoundIndex:false(0)
mFrontTireCompoundName:Medium
mRearTireCompoundName:Medium
mFrontFlapActivated:false(0)
mRearFlapActivated:false(0)
mRearFlapLegalStatus:Disallowed(0)
mIgnitionStarter:Ignition(1)
mSpeedLimiterAvailable:true(1)
mAntiStallActivated:false(0)
mStartLight:0
mNumRedLights:5
mNumPitstops:0
mNumPenalties:2
mLapsBehindNext:0
mLapsBehindLeader:0
mPlayerHeadlights:false(0)
mServerScored:true(1)
mQualification:1


05/12/2026 14:06:49
mGamePhase:GreenFlag(5)
mSession:Practice(1)
mYellowFlagState:NoFlag(0)
mSector:1
mCurrentSector:0x00000000
***mInRealtimeFC:false(0)
mInRealtimeSU:true(1)
mSectorFlag[0]:Pending(1)
mSectorFlag[1]:Unknown(11)
mSectorFlag[2]:Unknown(11)
mControl:Player(0)
mInPits:false(0)
mIsPlayer:true(1)
mPlace:1
mPitState:None(0)
mIndividualPhase:GreenFlag(5)
mFlag:Green(0)
mUnderYellow:0
mCountLapFlag:CountLapButNotTime(1)
mInGarageStall:false(0)
mFinishStatus:None(0)
mLapNumber:1
mTotalLaps:1
mMaxLaps:2147483647

mNumVehicles:1
mScheduledStops:true(255)
mHeadlights:false(0)
mSpeedLimiter:false(0)
mFrontTireCompoundIndex:false(0)
mRearTireCompoundIndex:false(0)
mFrontTireCompoundName:Medium
mRearTireCompoundName:Medium
mFrontFlapActivated:false(0)
mRearFlapActivated:false(0)
mRearFlapLegalStatus:Disallowed(0)
mIgnitionStarter:Ignition(1)
mSpeedLimiterAvailable:true(1)
mAntiStallActivated:false(0)
mStartLight:0
mNumRedLights:5
mNumPitstops:0
mNumPenalties:2
mLapsBehindNext:0
mLapsBehindLeader:0
mPlayerHeadlights:false(0)
mServerScored:true(1)
mQualification:1


05/12/2026 14:06:50
mGamePhase:GreenFlag(5)
mSession:Practice(1)
mYellowFlagState:NoFlag(0)
mSector:1
***mCurrentSector:0x80000000
mInRealtimeFC:false(0)
mInRealtimeSU:true(1)
mSectorFlag[0]:Pending(1)
mSectorFlag[1]:Unknown(11)
mSectorFlag[2]:Unknown(11)
mControl:Player(0)
mInPits:false(0)
mIsPlayer:true(1)
mPlace:1
mPitState:None(0)
mIndividualPhase:GreenFlag(5)
mFlag:Green(0)
mUnderYellow:0
mCountLapFlag:CountLapButNotTime(1)
mInGarageStall:false(0)
mFinishStatus:None(0)
***mLapNumber:2
mTotalLaps:1
mMaxLaps:2147483647

mNumVehicles:1
mScheduledStops:true(255)
mHeadlights:false(0)
mSpeedLimiter:false(0)
mFrontTireCompoundIndex:false(0)
mRearTireCompoundIndex:false(0)
mFrontTireCompoundName:Medium
mRearTireCompoundName:Medium
mFrontFlapActivated:false(0)
mRearFlapActivated:false(0)
mRearFlapLegalStatus:Disallowed(0)
***mIgnitionStarter:Off(0)
mSpeedLimiterAvailable:true(1)
mAntiStallActivated:false(0)
mStartLight:0
mNumRedLights:5
mNumPitstops:0
mNumPenalties:2
mLapsBehindNext:0
mLapsBehindLeader:0
mPlayerHeadlights:false(0)
mServerScored:true(1)
mQualification:1


05/12/2026 14:06:50
mGamePhase:GreenFlag(5)
mSession:Practice(1)
mYellowFlagState:NoFlag(0)
mSector:1
mCurrentSector:0x80000000
mInRealtimeFC:false(0)
***mInRealtimeSU:false(0)
mSectorFlag[0]:Pending(1)
mSectorFlag[1]:Unknown(11)
mSectorFlag[2]:Unknown(11)
***mControl:AI(1)
***mInPits:true(1)
mIsPlayer:true(1)
mPlace:1
***mPitState:Unknown(5)
mIndividualPhase:GreenFlag(5)
mFlag:Green(0)
mUnderYellow:0
mCountLapFlag:CountLapButNotTime(1)
***mInGarageStall:true(1)
mFinishStatus:None(0)
mLapNumber:2
***mTotalLaps:2
mMaxLaps:2147483647

mNumVehicles:1
mScheduledStops:true(255)
mHeadlights:false(0)
mSpeedLimiter:false(0)
mFrontTireCompoundIndex:false(0)
mRearTireCompoundIndex:false(0)
mFrontTireCompoundName:Medium
mRearTireCompoundName:Medium
mFrontFlapActivated:false(0)
mRearFlapActivated:false(0)
mRearFlapLegalStatus:Disallowed(0)
mIgnitionStarter:Off(0)
mSpeedLimiterAvailable:true(1)
mAntiStallActivated:false(0)
mStartLight:0
mNumRedLights:5
mNumPitstops:0
mNumPenalties:2
mLapsBehindNext:0
mLapsBehindLeader:0
mPlayerHeadlights:false(0)
mServerScored:true(1)
mQualification:1


05/12/2026 14:06:50
mGamePhase:GreenFlag(5)
mSession:Practice(1)
mYellowFlagState:NoFlag(0)
mSector:1
mCurrentSector:0x80000000
mInRealtimeFC:false(0)
mInRealtimeSU:false(0)
***mSectorFlag[0]:Unknown(11)
mSectorFlag[1]:Unknown(11)
mSectorFlag[2]:Unknown(11)
mControl:AI(1)
mInPits:true(1)
mIsPlayer:true(1)
mPlace:1
mPitState:Unknown(5)
mIndividualPhase:GreenFlag(5)
mFlag:Green(0)
mUnderYellow:0
mCountLapFlag:CountLapButNotTime(1)
mInGarageStall:true(1)
mFinishStatus:None(0)
mLapNumber:2
mTotalLaps:2
mMaxLaps:2147483647

mNumVehicles:1
mScheduledStops:true(255)
mHeadlights:false(0)
mSpeedLimiter:false(0)
mFrontTireCompoundIndex:false(0)
mRearTireCompoundIndex:false(0)
mFrontTireCompoundName:Medium
mRearTireCompoundName:Medium
mFrontFlapActivated:false(0)
mRearFlapActivated:false(0)
mRearFlapLegalStatus:Disallowed(0)
mIgnitionStarter:Off(0)
mSpeedLimiterAvailable:true(1)
mAntiStallActivated:false(0)
mStartLight:0
mNumRedLights:5
mNumPitstops:0
mNumPenalties:2
mLapsBehindNext:0
mLapsBehindLeader:0
mPlayerHeadlights:false(0)
mServerScored:true(1)
mQualification:1

