

************************************************************************************
* NEW SESSION **********************************************************************
************************************************************************************


05/12/2026 12:31:20    Sector: 1  ***************************************************** 

Player: Victoria Valentine
currLapET: 0    lastLapTime: 0    currLapTime: 28:24:600    bestLapTime: -1
lastS1: -1    lastS2: -1    lastS3: -1
currS1: -1    currS2: -1    currS3: -1
bestS1: -1    bestS2: -1    bestS3: -1    bestTotal: -3



Pos:  Lap:      Best Tracked:      Best S1:      Best S2:      Best S3:     Col. Assigned:    Pos. Assigned:    Name | Class | Vehicle:
    1       0                    -1           -1           -1           -1         LeftLane            0    Victoria Valentine | GT3 | Lexus Custom Team 2025 #397
    


05/12/2026 12:35:47    Sector: 1  ***************************************************** 

Player: Victoria Valentine
currLapET: 0    lastLapTime: 0    currLapTime: 0    bestLapTime: -1
lastS1: -1    lastS2: -1    lastS3: -1
currS1: -1    currS2: -1    currS3: -1
bestS1: -1    bestS2: -1    bestS3: -1    bestTotal: -3



Pos:  Lap:      Best Tracked:      Best S1:      Best S2:      Best S3:     Col. Assigned:    Pos. Assigned:    Name | Class | Vehicle:
    1       0                    -1           -1           -1           -1         LeftLane            0    Victoria Valentine | GT3 | Lexus Custom Team 2025 #397
    


************************************************************************************
* NEW SESSION **********************************************************************
************************************************************************************
